// Jest Snapshot v1, https://goo.gl/fbAQLP

exports[`AppSettings Snapshot 1`] = `<LoadingIndicator />`;
