// Jest Snapshot v1, https://goo.gl/fbAQLP

exports[`DeployChart Snapshot 1`] = `
<DeployChart
  params={
    Object {
      "app": "freight",
      "env": "production",
      "number": "798",
    }
  }
>
  <div
    className="section"
  >
    <BarChart
      label="deploys"
      placement="bottom"
      points={Array []}
    >
      <figure
        className=" barchart"
      >
        <span
          className="max-y"
          key="max-y"
        >
          10
        </span>
        <span
          className="min-y"
          key="min-y"
        >
          0
        </span>
      </figure>
    </BarChart>
  </div>
</DeployChart>
`;
