// Jest Snapshot v1, https://goo.gl/fbAQLP

exports[`Duration Snapshot 1`] = `
<Duration
  className="duration"
  seconds={13.67}
>
  <span
    className="duration"
  >
    14 sec
  </span>
</Duration>
`;
