// Jest Snapshot v1, https://goo.gl/fbAQLP

exports[`<Layout /> should render <Layout /> 1`] = `
<Layout
  params={Object {}}
>
  <div>
    <Indicators>
      <div />
    </Indicators>
    <header>
      <div
        className="container"
      >
        <div
          className="pull-right"
        >
          <Link
            className="btn btn-sm btn-default btn-disabled"
            onlyActiveOnIndex={false}
            style={Object {}}
            to={
              Object {
                "pathname": "/deploy",
                "query": Object {
                  "app": undefined,
                },
              }
            }
          >
            <a
              className="btn btn-sm btn-default btn-disabled"
              onClick={[Function]}
              style={Object {}}
            >
              Deploy
            </a>
          </Link>
        </div>
        <h1>
          <Link
            onlyActiveOnIndex={false}
            style={Object {}}
            to="/"
          >
            <a
              onClick={[Function]}
              style={Object {}}
            >
              Freight
            </a>
          </Link>
        </h1>
      </div>
    </header>
    <div
      className="body"
    >
      <div
        className="container"
      >
        <div
          style={
            Object {
              "textAlign": "center",
            }
          }
        >
          <LoadingIndicator>
            <div
              className="loading"
            >
              <div
                className="loading-mask"
              />
              <div
                className="loading-indicator"
              />
              <div
                className="loading-message"
              >
                <p>
                  Loading application data. Hold on to your pants!
                </p>
              </div>
            </div>
          </LoadingIndicator>
        </div>
      </div>
    </div>
  </div>
</Layout>
`;
