// Jest Snapshot v1, https://goo.gl/fbAQLP

exports[`TaskDetails Snapshot 1`] = `
<TaskDetails
  params={
    Object {
      "app": "freight",
      "env": "production",
      "number": "798",
    }
  }
>
  <div
    style={
      Object {
        "textAlign": "center",
      }
    }
  >
    <LoadingIndicator
      style={
        Object {
          "marginBottom": 20,
        }
      }
    >
      <div
        className="loading"
      >
        <div
          className="loading-mask"
        />
        <div
          className="loading-indicator"
        />
        <div
          className="loading-message"
        >
          Loading task details.
        </div>
      </div>
    </LoadingIndicator>
  </div>
</TaskDetails>
`;
