// Jest Snapshot v1, https://goo.gl/fbAQLP

exports[`TimeSince Snapshot 1`] = `
<time
  dateTime="2016-12-21T23:36:07.071Z"
>
  3 years ago
</time>
`;
